Huella local y controles negativos	Supabase desechable y cotejo local	﻿2026-09-09T22:54:19.4226959Z ##[group]Run node supabase/schema-ci.mjs local
Huella local y controles negativos	Supabase desechable y cotejo local	2026-09-09T22:54:19.4227355Z ^[[36;1mnode supabase/schema-ci.mjs local^[[0m
Huella local y controles negativos	Supabase desechable y cotejo local	2026-09-09T22:54:19.4263670Z shell: /usr/bin/bash -e {0}
Huella local y controles negativos	Supabase desechable y cotejo local	2026-09-09T22:54:19.4263938Z env:
Huella local y controles negativos	Supabase desechable y cotejo local	2026-09-09T22:54:19.4264471Z   SCHEMA_RUNTIME: /home/runner/work/_temp/lockin-schema
Huella local y controles negativos	Supabase desechable y cotejo local	2026-09-09T22:54:19.4264870Z   SCHEMA_ARTIFACTS: /home/runner/work/_temp/schema-evidence
Huella local y controles negativos	Supabase desechable y cotejo local	2026-09-09T22:54:19.4265233Z   SUPABASE_INTERNAL_IMAGE_REGISTRY: ghcr.io
Huella local y controles negativos	Supabase desechable y cotejo local	2026-09-09T22:54:19.4265519Z ##[endgroup]
Huella local y controles negativos	Supabase desechable y cotejo local	2026-09-09T22:54:19.9398595Z Finished supabase init.
Huella local y controles negativos	Supabase desechable y cotejo local	2026-09-09T22:54:20.4980041Z A new version of Supabase CLI is available: v2.117.0 (currently installed v2.116.0)
Huella local y controles negativos	Supabase desechable y cotejo local	2026-09-09T22:54:20.4982603Z We recommend updating regularly for new features and bug fixes: https://supabase.com/docs/guides/cli/getting-started#updating-the-supabase-cli
Huella local y controles negativos	Supabase desechable y cotejo local	2026-09-09T22:55:32.2711118Z Resetting local database...
Huella local y controles negativos	Supabase desechable y cotejo local	2026-09-09T22:55:32.5446938Z Recreating database...
Huella local y controles negativos	Supabase desechable y cotejo local	2026-09-09T22:55:43.0218324Z Initialising schema...
Huella local y controles negativos	Supabase desechable y cotejo local	2026-09-09T22:55:47.9893822Z Seeding globals from roles.sql...
Huella local y controles negativos	Supabase desechable y cotejo local	2026-09-09T22:55:47.9925752Z Applying migration 20260905000100_enums_and_helpers.sql...
Huella local y controles negativos	Supabase desechable y cotejo local	2026-09-09T22:55:48.0123468Z Applying migration 20260905000200_profiles_and_settings.sql...
Huella local y controles negativos	Supabase desechable y cotejo local	2026-09-09T22:55:48.0273358Z Applying migration 20260905000300_decisions_matches_messages.sql...
Huella local y controles negativos	Supabase desechable y cotejo local	2026-09-09T22:55:48.0422538Z Applying migration 20260905000400_rls_policies.sql...
Huella local y controles negativos	Supabase desechable y cotejo local	2026-09-09T22:55:48.0558328Z Applying migration 20260905000500_functions_and_realtime.sql...
Huella local y controles negativos	Supabase desechable y cotejo local	2026-09-09T22:55:48.0749251Z Applying migration 20260907000100_profiles_seeking_specialties.sql...
Huella local y controles negativos	Supabase desechable y cotejo local	2026-09-09T22:55:48.0817949Z Applying migration 20260907000200_discovery_mutual_complement.sql...
Huella local y controles negativos	Supabase desechable y cotejo local	2026-09-09T22:55:48.0993217Z Restarting containers...
Huella local y controles negativos	Supabase desechable y cotejo local	2026-09-09T22:55:59.0357078Z Finished supabase db reset on branch main.
Huella local y controles negativos	Supabase desechable y cotejo local	2026-09-09T22:55:59.5204760Z A new version of Supabase CLI is available: v2.117.0 (currently installed v2.116.0)
Huella local y controles negativos	Supabase desechable y cotejo local	2026-09-09T22:55:59.5206042Z We recommend updating regularly for new features and bug fixes: https://supabase.com/docs/guides/cli/getting-started#updating-the-supabase-cli
Huella local y controles negativos	Supabase desechable y cotejo local	2026-09-09T22:56:00.6740738Z psql: reset --local --no-seed capturado en expected.txt.
Huella local y controles negativos	Supabase desechable y cotejo local	2026-09-09T22:56:00.8058358Z node:internal/modules/run_main:123
Huella local y controles negativos	Supabase desechable y cotejo local	2026-09-09T22:56:00.8059014Z     triggerUncaughtException(
Huella local y controles negativos	Supabase desechable y cotejo local	2026-09-09T22:56:00.8059311Z     ^
Huella local y controles negativos	Supabase desechable y cotejo local	2026-09-09T22:56:00.8059433Z 
Huella local y controles negativos	Supabase desechable y cotejo local	2026-09-09T22:56:00.8059997Z AssertionError [ERR_ASSERTION]: psql falló (exit=3); no hay verificación
Huella local y controles negativos	Supabase desechable y cotejo local	2026-09-09T22:56:00.8060610Z     at run (file:///home/runner/work/lockin/lockin/supabase/schema-ci.mjs:31:3)
Huella local y controles negativos	Supabase desechable y cotejo local	2026-09-09T22:56:00.8061198Z     at query (file:///home/runner/work/lockin/lockin/supabase/schema-ci.mjs:54:10)
Huella local y controles negativos	Supabase desechable y cotejo local	2026-09-09T22:56:00.8061808Z     at capture (file:///home/runner/work/lockin/lockin/supabase/schema-ci.mjs:64:18)
Huella local y controles negativos	Supabase desechable y cotejo local	2026-09-09T22:56:00.8062382Z     at file:///home/runner/work/lockin/lockin/supabase/schema-ci.mjs:120:18
Huella local y controles negativos	Supabase desechable y cotejo local	2026-09-09T22:56:00.8062891Z     at ModuleJob.run (node:internal/modules/esm/module_job:343:25)
Huella local y controles negativos	Supabase desechable y cotejo local	2026-09-09T22:56:00.8063445Z     at async onImport.tracePromise.__proto__ (node:internal/modules/esm/loader:681:26)
Huella local y controles negativos	Supabase desechable y cotejo local	2026-09-09T22:56:00.8064424Z     at async asyncRunEntryPointWithESMLoader (node:internal/modules/run_main:117:5) {
Huella local y controles negativos	Supabase desechable y cotejo local	2026-09-09T22:56:00.8065107Z   generatedMessage: false,
Huella local y controles negativos	Supabase desechable y cotejo local	2026-09-09T22:56:00.8065551Z   code: 'ERR_ASSERTION',
Huella local y controles negativos	Supabase desechable y cotejo local	2026-09-09T22:56:00.8066003Z   actual: false,
Huella local y controles negativos	Supabase desechable y cotejo local	2026-09-09T22:56:00.8066351Z   expected: true,
Huella local y controles negativos	Supabase desechable y cotejo local	2026-09-09T22:56:00.8066700Z   operator: '==',
Huella local y controles negativos	Supabase desechable y cotejo local	2026-09-09T22:56:00.8067047Z   diff: 'simple'
Huella local y controles negativos	Supabase desechable y cotejo local	2026-09-09T22:56:00.8067377Z }
Huella local y controles negativos	Supabase desechable y cotejo local	2026-09-09T22:56:00.8067542Z 
Huella local y controles negativos	Supabase desechable y cotejo local	2026-09-09T22:56:00.8067692Z Node.js v22.23.2
Huella local y controles negativos	Supabase desechable y cotejo local	2026-09-09T22:56:00.8126055Z ##[error]Process completed with exit code 1.
